https://iptorrents.com/download.php/7646525/The%20Bourne%20Legacy%202012%201080p%20BluRay%20HDR10%20DTS-HD%20MA%205%201%20x265-GeneMige.torrent|The Bourne Legacy 2012 1080p BluRay HDR10 DTS-HD MA 5 1 x265-GeneMige|9094593249|92|2|https://iptorrents.com|https://iptorrents.com/t/7646525|-1
https://iptorrents.com/download.php/2626585/The.Bourne.Legacy.2012.UHD.BluRay.2160p.DTS-X.7.1.HEVC.REMUX-FraMeSToR.torrent|The Bourne Legacy 2012 UHD BluRay 2160p DTS-X 7 1 HEVC REMUX-FraMeSToR|55619826483|50|0|https://iptorrents.com|https://iptorrents.com/t/2626585|-1
https://iptorrents.com/download.php/733605/The.Bourne.Legacy.2012.1080p.BluRay.DTS.x264-SPARKS%20%5BNo%20rars%5D.torrent|The Bourne Legacy 2012 1080p BluRay DTS x264-SPARKS [No rars]|10630044058|35|3|https://iptorrents.com|https://iptorrents.com/t/733605|-1
https://iptorrents.com/download.php/7545466/The%20Bourne%20Legacy%202012%20HYBRID%202160p%20MA%20WEB-DL%20DTS-X%207%201%20DV%20HDR10P%20H%20265-BYNDR.torrent|The Bourne Legacy 2012 HYBRID 2160p MA WEB-DL DTS-X 7 1 DV HDR10P H 265-BYNDR|29635274342|23|0|https://iptorrents.com|https://iptorrents.com/t/7545466|-1
https://iptorrents.com/download.php/6157201/The%20Bourne%20Legacy%202012%20UHD%20BluRay%202160p%20DDP%207%201%20DV%20HDR%20x265-hallowed.torrent|The Bourne Legacy 2012 UHD BluRay 2160p DDP 7 1 DV HDR x265-hallowed|19112604467|22|0|https://iptorrents.com|https://iptorrents.com/t/6157201|-1
https://iptorrents.com/download.php/7444009/The%20Bourne%20Legacy%202012%202160p%20BluRay%20DTS-X%207%201%20DV%20HDR10%20x265-MainFrame.torrent|The Bourne Legacy 2012 2160p BluRay DTS-X 7 1 DV HDR10 x265-MainFrame|30923764531|21|0|https://iptorrents.com|https://iptorrents.com/t/7444009|-1
https://iptorrents.com/download.php/734066/The%20Bourne%20Legacy%202012%201080p%20BluRay%20REMUX%20AVC%20DTS-HD%20MA%207.1-LEGi0N.torrent|The Bourne Legacy 2012 1080p BluRay REMUX AVC DTS-HD MA 7 1-LEGi0N|31138512896|20|0|https://iptorrents.com|https://iptorrents.com/t/734066|-1
https://iptorrents.com/download.php/7559926/The%20Bourne%20Legacy%202012%201080p%20BluRay%20REMUX%20AVC%20DTS-X%207%201-ATELiER.torrent|The Bourne Legacy 2012 1080p BluRay REMUX AVC DTS-X 7 1-ATELiER|35970351104|20|0|https://iptorrents.com|https://iptorrents.com/t/7559926|-1
https://iptorrents.com/download.php/6149756/The%20Bourne%20Legacy%202012%20UHD%20BluRay%202160p%20DTS-X%207%201%20DV%20HEVC%20HYBRID%20REMUX-FraMeSToR.torrent|The Bourne Legacy 2012 UHD BluRay 2160p DTS-X 7 1 DV HEVC HYBRID REMUX-FraMeSToR|56478819942|18|0|https://iptorrents.com|https://iptorrents.com/t/6149756|-1
https://iptorrents.com/download.php/6307060/The%20Bourne%20Legacy%202012%201080p%20UHD%20BluRay%20DD7%201%20HDR%20x265-CtrlHD.torrent|The Bourne Legacy 2012 1080p UHD BluRay DD7 1 HDR x265-CtrlHD|15139759718|14|0|https://iptorrents.com|https://iptorrents.com/t/6307060|-1
https://iptorrents.com/download.php/7560218/The%20Bourne%20Legacy%202012%202160p%20UHD%20BluRay%20REMUX%20HDR10%20HEVC%20DTS-X%207%201-ATELiER.torrent|The Bourne Legacy 2012 2160p UHD BluRay REMUX HDR10 HEVC DTS-X 7 1-ATELiER|60451664691|13|0|https://iptorrents.com|https://iptorrents.com/t/7560218|-1
https://iptorrents.com/download.php/7414136/The%20Bourne%20Legacy%202012%201080p%20UHD%20BluRay%20DD%207%201%20HDR%20x265-CtrlHD.torrent|The Bourne Legacy 2012 1080p UHD BluRay DD 7 1 HDR x265-CtrlHD|15139759718|11|0|https://iptorrents.com|https://iptorrents.com/t/7414136|-1
https://iptorrents.com/download.php/5593326/The.Bourne.Legacy.2012.1080p.AMZN.WEB-DL.DDP.5.1.H.264-PiRaTeS.torrent|The Bourne Legacy 2012 1080p AMZN WEB-DL DDP 5 1 H 264-PiRaTeS|11274289152|11|0|https://iptorrents.com|https://iptorrents.com/t/5593326|-1
https://iptorrents.com/download.php/739744/The.Bourne.Legacy.2012.1080p.BluRay.DTS.x264.D-Z0N3.torrent|The Bourne Legacy 2012 1080p BluRay DTS x264 D-Z0N3|18253611008|10|1|https://iptorrents.com|https://iptorrents.com/t/739744|-1
https://iptorrents.com/download.php/6352100/The%20Bourne%20Legacy%202012%202160p%20UHD%20BluRay%20DTS-HD%20MA%207%201%20HDR%20x265-CtrlHD.torrent|The Bourne Legacy 2012 2160p UHD BluRay DTS-HD MA 7 1 HDR x265-CtrlHD|39943195853|8|0|https://iptorrents.com|https://iptorrents.com/t/6352100|-1
https://iptorrents.com/download.php/1751343/THE%20BOURNE%20LEGACY%20%5B2012%5D1080p%20BDRip%5BDTS-HD%20MA%5D%5Bx265%5D%5BHEVC%5D.torrent|THE BOURNE LEGACY [2012]1080p BDRip[6ch + 8ch DTS-HD MA][x265][HEVC]INFERNO|9878424781|8|0|https://iptorrents.com|https://iptorrents.com/t/1751343|-1
https://iptorrents.com/download.php/7545485/The%20Bourne%20Legacy%202012%202160p%20MA%20WEB-DL%20DTS-X%207%201%20H%20265-BYNDR.torrent|The Bourne Legacy 2012 2160p MA WEB-DL DTS-X 7 1 H 265-BYNDR|29742648525|8|0|https://iptorrents.com|https://iptorrents.com/t/7545485|-1
https://iptorrents.com/download.php/4917009/The.Bourne.Legacy.2012.2160p.iT.WEB-DL.DD5.1.DV.H.265-SH3LBY.torrent|The Bourne Legacy 2012 2160p iT WEB-DL DD5 1 DV H 265-SH3LBY|25125558682|7|0|https://iptorrents.com|https://iptorrents.com/t/4917009|-1
https://iptorrents.com/download.php/5959519/The%20Bourne%20Legacy%20%282012%29%20%282160p%20UHD%20BluRay%20x265%20DV%20HDR%20DDP%207.1%20English%20-%20DiscoD%20HONE%29.mkv.torrent|The Bourne Legacy (2012) (2160p UHD BluRay x265 DV HDR DDP 7 1 English - DiscoD HONE)|22978075034|6|0|https://iptorrents.com|https://iptorrents.com/t/5959519|-1
https://iptorrents.com/download.php/7062285/The.Bourne.Legacy.2012.1080p.NF.WEB-DL.DUAL.DDP5.1.H.264-TURG.mkv.torrent|[Turkish English] The Bourne Legacy 2012 1080p NF WEB-DL DUAL DDP5 1 H 264-TURG|9642201580|4|0|https://iptorrents.com|https://iptorrents.com/t/7062285|-1
https://iptorrents.com/download.php/7564176/The%20Bourne%20Legacy%202012%201080p%20WEBRip%20DDP7%201%20x264-ATELiER.torrent|The Bourne Legacy 2012 1080p WEBRip DDP7 1 x264-ATELiER|22870700851|3|0|https://iptorrents.com|https://iptorrents.com/t/7564176|-1
https://iptorrents.com/download.php/5044772/The%20Bourne%20Legacy%20%282012%29%201080%20br%20hdr%20hevc-d3g.torrent|The Bourne Legacy (2012) 1080p BluRay HDR10 10Bit Dts-HDMa7 1 HEVC-d3g|15784004813|3|0|https://iptorrents.com|https://iptorrents.com/t/5044772|-1
https://iptorrents.com/download.php/2635832/The.Bourne.Legacy.2012.2160p.UHD.BluRay.x265-TERMiNAL.torrent|The Bourne Legacy 2012 2160p UHD BluRay x265-TERMiNAL|30816390349|2|0|https://iptorrents.com|https://iptorrents.com/t/2635832|-1
https://iptorrents.com/download.php/733076/The.Bourne.Legacy.2012.720p.BluRay.x264.DTS-HDC.torrent|The Bourne Legacy 2012 720p BluRay x264 DTS-HDC|9631464161|1|0|https://iptorrents.com|https://iptorrents.com/t/733076|-1
Session established: True
=== search_freeleech call completed ===
