=== RED_MODE=1 (must reproduce the defect) ===
[RED_MODE=1] Reproducing the BOB-072/073 defect against the pre-fix DB snapshot
[1/2] validate on pre-fix snapshot (EXPECT the defect: violations beyond the tracked exemption)
  validate: 14 violation(s), NOT the clean/exempt shape:
    validate: 14 violation(s):
      - BOB-010: closure evidence_path does not resolve (well-formed path, but nothing exists there) — history id=4, event=Completed, on=2026-06-09: "scripts/docs_chain.sh" (§11.4.5/§11.4.69/§11.4.123/§11.4.226 — a closure's captured proof must be producible on demand)
      - BOB-010: closure evidence_path does not resolve (well-formed path, but nothing exists there) — history id=64, event=Updated, on=2026-08-10: "scripts/docs_chain.sh" (§11.4.5/§11.4.69/§11.4.123/§11.4.226 — a closure's captured proof must be producible on demand)
      - BOB-064 [Fixed/section]: items.status="Completed (→ Fixed.md)" but body_md **Status:** line derives "Queued" (§11.4.93/ATM-627 column↔body desync)
      - BOB-066 [Issues/section]: items.status="In progress" but body_md **Status:** line derives "Queued" (§11.4.93/ATM-627 column↔body desync)
      - BOB-067 [Fixed/section]: items.status="Completed (→ Fixed.md)" but body_md **Status:** line derives "Queued" (§11.4.93/ATM-627 column↔body desync)
      - BOB-102 [Issues/section]: items.status="Completed (→ Fixed.md)" but body_md **Status:** line derives "Operator-blocked" (§11.4.93/ATM-627 column↔body desync)
      - BOB-102: closure evidence_path does not resolve (narrative or multi-value text in a single-path field) — history id=56, event=Updated, on=2026-08-10: "OPERATOR must decide LAN-exposure posture: bind tunnel to 127.0.0.1 (loopback-only) OR keep 0.0.0.0 (LAN-reachable, rely …" (§11.4.5/§11.4.69/§11.4.123/§11.4.226 — a closure's captured proof must be producible on demand)
      - BOB-102: closure evidence_path does not resolve (narrative or multi-value text in a single-path field) — history id=59, event=Updated, on=2026-08-10: "OPERATOR must decide LAN-exposure posture: bind tunnel to 127.0.0.1 (loopback-only) OR keep 0.0.0.0 (LAN-reachable, rely …" (§11.4.5/§11.4.69/§11.4.123/§11.4.226 — a closure's captured proof must be producible on demand)
      - BOB-102: closure evidence_path does not resolve (narrative or multi-value text in a single-path field) — history id=62, event=Updated, on=2026-08-10: "OPERATOR must decide LAN-exposure posture: bind tunnel to 127.0.0.1 (loopback-only) OR keep 0.0.0.0 (LAN-reachable, rely …" (§11.4.5/§11.4.69/§11.4.123/§11.4.226 — a closure's captured proof must be producible on demand)
      - Issues: DB not renderable by db-to-md (§11.4.93): segment references unknown item "BOB-064" [section]
      - dangling item-segment (document=Issues, seq=2, atm_id=BOB-064, rep=section): no item at current_location=Issues (§11.4.135/ATM-627)
      - dangling item-segment (document=Issues, seq=5, atm_id=BOB-067, rep=section): no item at current_location=Issues (§11.4.135/ATM-627)
      - missing item-segment (atm_id=BOB-064, rep=section): item at current_location=Fixed has NO doc_segments row — db-to-md would silently drop it (§11.4.93/ATM-627)
      - missing item-segment (atm_id=BOB-067, rep=section): item at current_location=Fixed has NO doc_segments row — db-to-md would silently drop it (§11.4.93/ATM-627)
  CONFIRMED: pre-fix snapshot carries real, non-exempt violations (the defect this guard catches)
[2/2] diff on pre-fix snapshot vs the CURRENT (fixed) docs/Issues.md + docs/Fixed.md (EXPECT drift)
  diff: NOT in sync:
    ! BOB-064 [Fixed/section]: items.status="Completed (→ Fixed.md)" but body_md **Status:** line derives "Queued" (§11.4.93/ATM-627 column↔body desync)
    ! BOB-066 [Issues/section]: items.status="In progress" but body_md **Status:** line derives "Queued" (§11.4.93/ATM-627 column↔body desync)
    ! BOB-067 [Fixed/section]: items.status="Completed (→ Fixed.md)" but body_md **Status:** line derives "Queued" (§11.4.93/ATM-627 column↔body desync)
    ! BOB-102 [Issues/section]: items.status="Completed (→ Fixed.md)" but body_md **Status:** line derives "Operator-blocked" (§11.4.93/ATM-627 column↔body desync)
    ~ BOB-066 body differs (md=1346 bytes db=1341 bytes)
    ~ BOB-102 status: md="Operator-blocked" db="Completed (→ Fixed.md)"
    ~ BOB-067 body differs (md=3680 bytes db=1152 bytes)
    ~ BOB-064 body differs (md=1885 bytes db=1343 bytes)
    ~ BOB-103 body differs (md=1532 bytes db=1022 bytes)
    diff: 9 difference(s)
  CONFIRMED: pre-fix snapshot drifts against the current (fixed) Markdown (the defect this guard catches)
PASS (RED_MODE=1): defect reproduced on the pre-fix snapshot — this guard is not a tautology
RED_EXIT=0
