3167:Aug 19 15:27:14 nezha kernel: overlayfs: fs on '/home/milosvasic/.local/share/containers/storage/overlay/l/Y6ZEION4F55I3TFN4SZ6FL4UQF' does not support file handles, falling back to xino=off.
3168:Aug 19 15:27:14 nezha kernel: overlayfs: fs on '/home/milosvasic/.local/share/containers/storage/overlay/l/Y6ZEION4F55I3TFN4SZ6FL4UQF' does not support file handles, falling back to xino=off.
3169:Aug 19 15:27:14 nezha kernel: overlayfs: fs on '/home/milosvasic/.local/share/containers/storage/overlay/l/D3AYM737P4W7Y7LFHQGNLZSOH2' does not support file handles, falling back to xino=off.
6316:Aug 19 15:27:59 nezha kernel: overlayfs: fs on '/home/milosvasic/.local/share/containers/storage/overlay/l/5WFDKUV6MN2OFVGNWVFU7QLKZG' does not support file handles, falling back to xino=off.
6562:Aug 19 15:28:04 nezha kernel: overlayfs: fs on '/home/milosvasic/.local/share/containers/storage/overlay/l/5VCTA27HEBRBNOWPI2B2BA7A6P' does not support file handles, falling back to xino=off.
6738:Aug 19 15:28:14 nezha kernel: overlayfs: fs on '/home/milosvasic/.local/share/containers/storage/overlay/l/Y6ZEION4F55I3TFN4SZ6FL4UQF' does not support file handles, falling back to xino=off.
6849:Aug 19 15:28:14 nezha kernel: overlayfs: fs on '/home/milosvasic/.local/share/containers/storage/overlay/l/Y6ZEION4F55I3TFN4SZ6FL4UQF' does not support file handles, falling back to xino=off.
6851:Aug 19 15:28:14 nezha kernel: overlayfs: fs on '/home/milosvasic/.local/share/containers/storage/overlay/l/D3AYM737P4W7Y7LFHQGNLZSOH2' does not support file handles, falling back to xino=off.
6852:Aug 19 15:28:14 nezha kernel: overlayfs: fs on '/home/milosvasic/.local/share/containers/storage/overlay/l/5WFDKUV6MN2OFVGNWVFU7QLKZG' does not support file handles, falling back to xino=off.
6857:Aug 19 15:28:15 nezha kernel: overlayfs: fs on '/home/milosvasic/.local/share/containers/storage/overlay/l/5VCTA27HEBRBNOWPI2B2BA7A6P' does not support file handles, falling back to xino=off.
7004:Aug 19 15:28:22 nezha kernel: rfkill: input handler enabled
7133:Aug 19 15:28:22 nezha kernel: veth0: left allmulticast mode
7134:Aug 19 15:28:22 nezha kernel: veth0: left promiscuous mode
7136:Aug 19 15:28:22 nezha kernel: podman1: port 1(veth0) entered disabled state
7315:Aug 19 15:28:23 nezha kernel: rfkill: input handler disabled
7460:Aug 19 15:28:29 nezha kernel: kauditd_printk_skb: 29 callbacks suppressed
7592:Aug 19 15:28:36 nezha kernel: rfkill: input handler enabled
7664:Aug 19 15:28:36 nezha kernel: overlayfs: fs on '/home/milosvasic/.local/share/containers/storage/overlay/l/OPA7APGN3SQV56BVVLB7OKYWKY' does not support file handles, falling back to xino=off.
7667:Aug 19 15:28:36 nezha kernel: overlayfs: fs on '/home/milosvasic/.local/share/containers/storage/overlay/l/J2RHJJYJKF7Z6MNMHPKAW4PQAC' does not support file handles, falling back to xino=off.
7695:Aug 19 15:28:36 nezha kernel: overlayfs: fs on '/home/milosvasic/.local/share/containers/storage/overlay/l/X5XJTKOYR3NHKZVDL3MLKG5K5H' does not support file handles, falling back to xino=off.
7764:Aug 19 15:28:37 nezha kernel: overlayfs: fs on '/home/milosvasic/.local/share/containers/storage/overlay/l/6VMWH7SDBIMTULBLFGGH4HASOX' does not support file handles, falling back to xino=off.
7793:Aug 19 15:28:37 nezha kernel: overlayfs: fs on '/home/milosvasic/.local/share/containers/storage/overlay/l/PWWF65R4QCG4X66FT62LIGOA27' does not support file handles, falling back to xino=off.
7802:Aug 19 15:28:37 nezha kernel: podman1: port 1(veth0) entered blocking state
7803:Aug 19 15:28:37 nezha kernel: podman1: port 1(veth0) entered disabled state
7804:Aug 19 15:28:37 nezha kernel: veth0: entered allmulticast mode
7805:Aug 19 15:28:37 nezha kernel: veth0: entered promiscuous mode
7806:Aug 19 15:28:37 nezha kernel: podman1: port 1(veth0) entered blocking state
7807:Aug 19 15:28:37 nezha kernel: podman1: port 1(veth0) entered forwarding state
7892:Aug 19 15:28:37 nezha kernel: rfkill: input handler disabled
8048:Aug 19 15:28:39 nezha kernel: overlayfs: fs on '/home/milosvasic/.local/share/containers/storage/overlay/l/EAGUFLXGAH7LQ5V5J7UK3X47OO' does not support file handles, falling back to xino=off.
8054:Aug 19 15:28:39 nezha kernel: overlayfs: fs on '/home/milosvasic/.local/share/containers/storage/overlay/l/FUHHNW5MHNKQ2KYZSPSJKJZPWM' does not support file handles, falling back to xino=off.
8282:Aug 19 15:28:40 nezha kernel: overlayfs: fs on '/home/milosvasic/.local/share/containers/storage/overlay/l/BRGC7S7DTNMZMVQY3AXCB7WXON' does not support file handles, falling back to xino=off.
8326:Aug 19 15:28:41 nezha kernel: kauditd_printk_skb: 15 callbacks suppressed
8340:Aug 19 15:28:41 nezha kernel: overlayfs: fs on '/home/milosvasic/.local/share/containers/storage/overlay/l/6VMWH7SDBIMTULBLFGGH4HASOX' does not support file handles, falling back to xino=off.
8343:Aug 19 15:28:41 nezha kernel: podman2: port 1(veth1) entered blocking state
8344:Aug 19 15:28:41 nezha kernel: podman2: port 1(veth1) entered disabled state
8345:Aug 19 15:28:41 nezha kernel: veth1: entered allmulticast mode
8346:Aug 19 15:28:41 nezha kernel: veth1: entered promiscuous mode
8351:Aug 19 15:28:41 nezha kernel: podman2: port 1(veth1) entered blocking state
8352:Aug 19 15:28:41 nezha kernel: podman2: port 1(veth1) entered forwarding state
8400:Aug 19 15:28:42 nezha kernel: overlayfs: fs on '/home/milosvasic/.local/share/containers/storage/overlay/l/AOKEU4QS2OXDXGQ37K5M52SE3H' does not support file handles, falling back to xino=off.
8407:Aug 19 15:28:42 nezha kernel: podman2: port 2(veth2) entered blocking state
8408:Aug 19 15:28:42 nezha kernel: podman2: port 2(veth2) entered disabled state
8409:Aug 19 15:28:42 nezha kernel: veth2: entered allmulticast mode
8410:Aug 19 15:28:42 nezha kernel: veth2: entered promiscuous mode
8414:Aug 19 15:28:42 nezha kernel: podman2: port 2(veth2) entered blocking state
8415:Aug 19 15:28:42 nezha kernel: podman2: port 2(veth2) entered forwarding state
8417:Aug 19 15:28:42 nezha kernel: overlayfs: fs on '/home/milosvasic/.local/share/containers/storage/overlay/l/J2RHJJYJKF7Z6MNMHPKAW4PQAC' does not support file handles, falling back to xino=off.
8451:Aug 19 15:28:42 nezha kernel: overlayfs: fs on '/home/milosvasic/.local/share/containers/storage/overlay/l/QPZ65PMNBLLPE5STA2ORAWBMGO' does not support file handles, falling back to xino=off.
8454:Aug 19 15:28:42 nezha kernel: podman2: port 3(veth3) entered blocking state
8455:Aug 19 15:28:42 nezha kernel: podman2: port 3(veth3) entered disabled state
8456:Aug 19 15:28:42 nezha kernel: veth3: entered allmulticast mode
8457:Aug 19 15:28:42 nezha kernel: veth3: entered promiscuous mode
8460:Aug 19 15:28:42 nezha kernel: podman2: port 3(veth3) entered blocking state
8461:Aug 19 15:28:42 nezha kernel: podman2: port 3(veth3) entered forwarding state
8554:Aug 19 15:28:43 nezha kernel: overlayfs: fs on '/home/milosvasic/.local/share/containers/storage/overlay/l/3ETX36TIKBHAGRPHZVT26Y4ZXX' does not support file handles, falling back to xino=off.
8558:Aug 19 15:28:43 nezha kernel: podman2: port 4(veth4) entered blocking state
8559:Aug 19 15:28:43 nezha kernel: podman2: port 4(veth4) entered disabled state
8560:Aug 19 15:28:43 nezha kernel: veth4: entered allmulticast mode
8564:Aug 19 15:28:43 nezha kernel: veth4: entered promiscuous mode
8565:Aug 19 15:28:43 nezha kernel: podman2: port 4(veth4) entered blocking state
8566:Aug 19 15:28:43 nezha kernel: podman2: port 4(veth4) entered forwarding state
8595:Aug 19 15:28:43 nezha kernel: podman2: port 4(veth4) entered disabled state
8596:Aug 19 15:28:43 nezha kernel: veth4 (unregistering): left allmulticast mode
8597:Aug 19 15:28:43 nezha kernel: veth4 (unregistering): left promiscuous mode
8598:Aug 19 15:28:43 nezha kernel: podman2: port 4(veth4) entered disabled state
8607:Aug 19 15:28:43 nezha kernel: podman2: port 4(veth4) entered blocking state
8608:Aug 19 15:28:43 nezha kernel: podman2: port 4(veth4) entered disabled state
8609:Aug 19 15:28:43 nezha kernel: veth4: entered allmulticast mode
8610:Aug 19 15:28:43 nezha kernel: veth4: entered promiscuous mode
8611:Aug 19 15:28:43 nezha kernel: podman2: port 4(veth4) entered blocking state
8612:Aug 19 15:28:43 nezha kernel: podman2: port 4(veth4) entered forwarding state
8613:Aug 19 15:28:43 nezha kernel: overlayfs: fs on '/home/milosvasic/.local/share/containers/storage/overlay/l/3ETX36TIKBHAGRPHZVT26Y4ZXX' does not support file handles, falling back to xino=off.
8621:Aug 19 15:28:43 nezha kernel: podman1: port 1(veth0) entered disabled state
8623:Aug 19 15:28:43 nezha kernel: veth0 (unregistering): left allmulticast mode
8624:Aug 19 15:28:43 nezha kernel: veth0 (unregistering): left promiscuous mode
8625:Aug 19 15:28:43 nezha kernel: podman1: port 1(veth0) entered disabled state
8785:Aug 19 15:28:44 nezha kernel: overlayfs: fs on '/home/milosvasic/.local/share/containers/storage/overlay/l/3ETX36TIKBHAGRPHZVT26Y4ZXX' does not support file handles, falling back to xino=off.
8786:Aug 19 15:28:44 nezha kernel: podman2: port 5(veth0) entered blocking state
8787:Aug 19 15:28:44 nezha kernel: podman2: port 5(veth0) entered disabled state
8788:Aug 19 15:28:44 nezha kernel: veth0: entered allmulticast mode
8789:Aug 19 15:28:44 nezha kernel: veth0: entered promiscuous mode
8790:Aug 19 15:28:44 nezha kernel: podman2: port 5(veth0) entered blocking state
8791:Aug 19 15:28:44 nezha kernel: podman2: port 5(veth0) entered forwarding state
8799:Aug 19 15:28:44 nezha kernel: overlayfs: fs on '/home/milosvasic/.local/share/containers/storage/overlay/l/7NT2RICT7NN22NH33KIZM57EYE' does not support file handles, falling back to xino=off.
8803:Aug 19 15:28:44 nezha kernel: podman2: port 6(veth5) entered blocking state
8804:Aug 19 15:28:44 nezha kernel: podman2: port 6(veth5) entered disabled state
8805:Aug 19 15:28:44 nezha kernel: veth5: entered allmulticast mode
8806:Aug 19 15:28:44 nezha kernel: veth5: entered promiscuous mode
8809:Aug 19 15:28:44 nezha kernel: podman2: port 6(veth5) entered blocking state
8810:Aug 19 15:28:44 nezha kernel: podman2: port 6(veth5) entered forwarding state
8823:Aug 19 15:28:44 nezha kernel: podman2: port 5(veth0) entered disabled state
8826:Aug 19 15:28:44 nezha kernel: veth0 (unregistering): left allmulticast mode
8827:Aug 19 15:28:44 nezha kernel: veth0 (unregistering): left promiscuous mode
8828:Aug 19 15:28:44 nezha kernel: podman2: port 5(veth0) entered disabled state
9194:Aug 19 15:28:51 nezha kernel: kauditd_printk_skb: 133 callbacks suppressed
9585:Aug 19 15:29:06 nezha kernel: kauditd_printk_skb: 10 callbacks suppressed
9757:Aug 19 15:29:12 nezha kernel: kauditd_printk_skb: 22 callbacks suppressed
10119:Aug 19 15:29:18 nezha kernel: kauditd_printk_skb: 8 callbacks suppressed
10286:Aug 19 15:29:24 nezha kernel: kauditd_printk_skb: 8 callbacks suppressed
10445:Aug 19 15:29:31 nezha kernel: kauditd_printk_skb: 11 callbacks suppressed
10601:Aug 19 15:29:37 nezha kernel: kauditd_printk_skb: 8 callbacks suppressed
10762:Aug 19 15:29:43 nezha kernel: kauditd_printk_skb: 8 callbacks suppressed
10971:Aug 19 15:29:49 nezha kernel: kauditd_printk_skb: 8 callbacks suppressed
11288:Aug 19 15:29:56 nezha kernel: kauditd_printk_skb: 8 callbacks suppressed
