Aug 19 15:07:41 nezha systemd[1]: Starting user@1000.service - User Manager for UID 1000...
Aug 19 15:07:41 nezha systemd[1]: Started user@1000.service - User Manager for UID 1000.
Aug 19 15:28:22 nezha systemd[1]: user@1000.service: Main process exited, code=killed, status=9/KILL
Aug 19 15:28:22 nezha systemd[1]: user@1000.service: Killing process 4864 (gvfs-goa-volume) with signal SIGKILL.
Aug 19 15:28:22 nezha systemd[1]: user@1000.service: Killing process 4842 (xdg-document-po) with signal SIGKILL.
Aug 19 15:28:22 nezha systemd[1]: user@1000.service: Killing process 4828 (xdg-desktop-por) with signal SIGKILL.
Aug 19 15:28:22 nezha systemd[1]: user@1000.service: Killing process 4706 (ibus-extension-) with signal SIGKILL.
Aug 19 15:28:22 nezha systemd[1]: user@1000.service: Killing process 4947 (ibus-engine-sim) with signal SIGKILL.
Aug 19 15:28:22 nezha systemd[1]: user@1000.service: Killing process 4725 (wireplumber) with signal SIGKILL.
Aug 19 15:28:22 nezha systemd[1]: user@1000.service: Killing process 7579 (bash) with signal SIGKILL.
Aug 19 15:28:22 nezha systemd[1]: user@1000.service: Killing process 10104 (bash) with signal SIGKILL.
Aug 19 15:28:22 nezha systemd[1]: user@1000.service: Killing process 10105 (ssh) with signal SIGKILL.
Aug 19 15:28:22 nezha systemd[1]: user@1000.service: Killing process 10536 (dbus-launch) with signal SIGKILL.
Aug 19 15:28:22 nezha systemd[1]: user@1000.service: Killing process 10537 (dbus-daemon) with signal SIGKILL.
Aug 19 15:28:22 nezha systemd[1]: user@1000.service: Killing process 10540 (gnome-keyring-d) with signal SIGKILL.
Aug 19 15:28:22 nezha systemd[1]: user@1000.service: Killing process 4937 (Xwayland) with signal SIGKILL.
Aug 19 15:28:22 nezha systemd[1]: user@1000.service: Killing process 5122 (mutter-x11-fram) with signal SIGKILL.
Aug 19 15:28:22 nezha systemd[1]: user@1000.service: Killing process 5706 (gvfsd-recent) with signal SIGKILL.
Aug 19 15:28:22 nezha systemd[1]: user@1000.service: Killing process 5720 (gvfsd-dnssd) with signal SIGKILL.
Aug 19 15:28:22 nezha systemd[1]: user@1000.service: Killing process 5734 (python3) with signal SIGKILL.
Aug 19 15:28:22 nezha systemd[1]: user@1000.service: Killing process 4829 (gvfs-udisks2-vo) with signal SIGKILL.
Aug 19 15:28:22 nezha systemd[1]: user@1000.service: Killing process 5094 (gsd-xsettings) with signal SIGKILL.
Aug 19 15:28:22 nezha systemd[1]: user@1000.service: Killing process 5117 (ibus-x11) with signal SIGKILL.
Aug 19 15:28:22 nezha systemd[1]: user@1000.service: Killing process 4915 (gvfs-gphoto2-vo) with signal SIGKILL.
Aug 19 15:28:22 nezha systemd[1]: user@1000.service: Killing process 4689 (gjs) with signal SIGKILL.
Aug 19 15:28:22 nezha systemd[1]: user@1000.service: Killing process 4715 (ibus-portal) with signal SIGKILL.
Aug 19 15:28:22 nezha systemd[1]: user@1000.service: Killing process 4730 (goa-identity-se) with signal SIGKILL.
Aug 19 15:28:22 nezha systemd[1]: user@1000.service: Killing process 7572 (kgx) with signal SIGKILL.
Aug 19 15:28:22 nezha systemd[1]: user@1000.service: Killing process 60716 (loupe) with signal SIGKILL.
Aug 19 15:28:22 nezha systemd[1]: user@1000.service: Killing process 4902 (gvfs-mtp-volume) with signal SIGKILL.
