[migrations] started
[migrations] no migrations found
usermod: user abc is currently used by process 1
───────────────────────────────────────

      ██╗     ███████╗██╗ ██████╗
      ██║     ██╔════╝██║██╔═══██╗
      ██║     ███████╗██║██║   ██║
      ██║     ╚════██║██║██║   ██║
      ███████╗███████║██║╚██████╔╝
      ╚══════╝╚══════╝╚═╝ ╚═════╝

   Brought to you by linuxserver.io
───────────────────────────────────────

To support LSIO projects visit:
https://www.linuxserver.io/donate/

───────────────────────────────────────
GID/UID
───────────────────────────────────────

User UID:    0
User GID:    0
───────────────────────────────────────
Linuxserver.io version: 5.2.3_v2.0.14-ls474
Build-date: 2026-08-30T12:20:13+00:00
───────────────────────────────────────
    
[custom-init] No custom files found, skipping...
WebUI will be started shortly after internal preparations. Please wait...

******** Information ********
To control qBittorrent, access the WebUI at: http://localhost:7185
The WebUI administrator username is: admin
The WebUI administrator password was not set. A temporary password is provided for this session: 8drHyUmZD
You should set your own password in program preferences.
Connection to localhost (127.0.0.1) 7185 port [tcp/*] succeeded!
[ls.io-init] done.
